<?xml version="1.0" encoding="UTF-8"?>
<testsuites name="jest tests" tests="1" failures="0" errors="0" time="0.821">
  <testsuite name="sendEmail" errors="0" failures="0" skipped="0" timestamp="2025-07-10T01:10:13" time="0.797" tests="1">
    <testcase classname="sendEmail successfully sends email" name="sendEmail successfully sends email" time="0.011">
    </testcase>
  </testsuite>
</testsuites>